// Jest Snapshot v1, https://goo.gl/fbAQLP

exports[`AccountUI renders correctly 1`] = `
<div>
  <div
    className="ItemBox AppHeader"
  >
    <span
      className="AddItem"
    >
      Delete Account
    </span>
    <button
      className="AppBtn"
      onClick={[Function]}
    >
      <img
        alt="Close"
        className="btnImg"
        src="close_FFFFFF.png"
      />
    </button>
  </div>
  <div
    className="ItemBox"
  >
    <span
      className="DetailText"
    >
      Account Name:
    </span>
    <span
      className="DetailText"
    >
      Savings
    </span>
    <br />
    <span
      className="DetailText"
    >
      Balance: $
    </span>
    <span
      className="DetailText"
    >
      1000
    </span>
    <br />
    <button
      className="btnText"
      onClick={[Function]}
    >
      Delete Account
    </button>
  </div>
</div>
`;
