// Jest Snapshot v1, https://goo.gl/fbAQLP

exports[`AccountsUI renders correctly 1`] = `
<div>
  <h1>
    Hello world from Account
  </h1>
  <p>
    My Account
  </p>
  <div>
    <input
      id="startBalance"
      placeholder="Enter starting balance"
      type="number"
    />
    <button
      onClick={[Function]}
    >
      Create Account
    </button>
  </div>
</div>
`;
