// Jest Snapshot v1, https://goo.gl/fbAQLP

exports[`AccountUI renders correctly 1`] = `
<div>
  <div
    className="ItemBox AppHeader"
  >
    <span
      className="AddItem"
    >
      Savings
    </span>
    <span
      className="AddItem"
    >
      $
      1000
    </span>
  </div>
  <div
    className="ItemBox"
    onClick={[Function]}
  >
    <span
      className="DetailText"
    >
      For Account Name:
    </span>
    <span
      className="DetailText"
    >
      Savings
    </span>
    <br />
    <br />
    <span
      className="DetailText"
    >
      Amount:
    </span>
    <input
      className="InputText"
      id="amount"
      placeholder="Enter an amount"
      type="number"
    />
    <br />
    <br />
    <button
      className="btnText"
      elem="deposit"
    >
      Deposit
    </button>
    <button
      className="btnText"
      elem="withdraw"
    >
      Withdraw
    </button>
  </div>
</div>
`;
