// Jest Snapshot v1, https://goo.gl/fbAQLP

exports[`AccountUI renders correctly 1`] = `
<div
  className="SummaryText"
>
  <h2>
    Accounts Summary
  </h2>
  <span>
    Lowest Account: 
  </span>
  <span>
    $
    0
  </span>
  <br />
  <span>
    Highest Account: 
  </span>
  <span>
    $
    0
  </span>
  <br />
  <span>
    Total Balance:
  </span>
  <span>
    $
    0
  </span>
  <br />
  <br />
</div>
`;
