// Jest Snapshot v1, https://goo.gl/fbAQLP

exports[`Account App renders correctly 1`] = `
<div
  className="App"
>
  <div>
    <header>
      <img
        alt="one"
        className="App-icon"
        navbtn="default"
        onClick={[Function]}
        src="analytics.svg"
      />
      <img
        alt="two"
        className="App-icon"
        navbtn="math"
        onClick={[Function]}
        src="creative.svg"
      />
      <img
        alt="three"
        className="App-icon"
        navbtn="account"
        onClick={[Function]}
        src="leader.svg"
      />
      <img
        alt="four"
        className="App-icon"
        navbtn="accounts"
        onClick={[Function]}
        src="teamwork.svg"
      />
      <img
        alt="five"
        className="App-icon"
        navbtn="community"
        onClick={[Function]}
        src="teamwork2.svg"
      />
    </header>
    <p />
  </div>
  <header
    className="App-header"
  >
    <img
      alt="logo"
      className="App-logo"
      src="logo.svg"
    />
    <p>
      Edit 
      <code>
        src/App.js
      </code>
       and save to reload.
    </p>
    <a
      className="App-link"
      href="https://reactjs.org"
      rel="noopener noreferrer"
      target="_blank"
    >
      Learn React
    </a>
  </header>
</div>
`;

exports[`Accounts App renders correctly 1`] = `
<div
  className="App"
>
  <div>
    <header>
      <img
        alt="one"
        className="App-icon"
        navbtn="default"
        onClick={[Function]}
        src="analytics.svg"
      />
      <img
        alt="two"
        className="App-icon"
        navbtn="math"
        onClick={[Function]}
        src="creative.svg"
      />
      <img
        alt="three"
        className="App-icon"
        navbtn="account"
        onClick={[Function]}
        src="leader.svg"
      />
      <img
        alt="four"
        className="App-icon"
        navbtn="accounts"
        onClick={[Function]}
        src="teamwork.svg"
      />
      <img
        alt="five"
        className="App-icon"
        navbtn="community"
        onClick={[Function]}
        src="teamwork2.svg"
      />
    </header>
    <p />
  </div>
  <header
    className="App-header"
  >
    <img
      alt="logo"
      className="App-logo"
      src="logo.svg"
    />
    <p>
      Edit 
      <code>
        src/App.js
      </code>
       and save to reload.
    </p>
    <a
      className="App-link"
      href="https://reactjs.org"
      rel="noopener noreferrer"
      target="_blank"
    >
      Learn React
    </a>
  </header>
</div>
`;

exports[`App renders correctly 1`] = `
<div
  className="App"
>
  <div>
    <header>
      <img
        alt="one"
        className="App-icon"
        navbtn="default"
        onClick={[Function]}
        src="analytics.svg"
      />
      <img
        alt="two"
        className="App-icon"
        navbtn="math"
        onClick={[Function]}
        src="creative.svg"
      />
      <img
        alt="three"
        className="App-icon"
        navbtn="account"
        onClick={[Function]}
        src="leader.svg"
      />
      <img
        alt="four"
        className="App-icon"
        navbtn="accounts"
        onClick={[Function]}
        src="teamwork.svg"
      />
      <img
        alt="five"
        className="App-icon"
        navbtn="community"
        onClick={[Function]}
        src="teamwork2.svg"
      />
    </header>
    <p />
  </div>
  <header
    className="App-header"
  >
    <img
      alt="logo"
      className="App-logo"
      src="logo.svg"
    />
    <p>
      Edit 
      <code>
        src/App.js
      </code>
       and save to reload.
    </p>
    <a
      className="App-link"
      href="https://reactjs.org"
      rel="noopener noreferrer"
      target="_blank"
    >
      Learn React
    </a>
  </header>
</div>
`;

exports[`Communities App renders correctly 1`] = `
<div
  className="App"
>
  <div>
    <header>
      <img
        alt="one"
        className="App-icon"
        navbtn="default"
        onClick={[Function]}
        src="analytics.svg"
      />
      <img
        alt="two"
        className="App-icon"
        navbtn="math"
        onClick={[Function]}
        src="creative.svg"
      />
      <img
        alt="three"
        className="App-icon"
        navbtn="account"
        onClick={[Function]}
        src="leader.svg"
      />
      <img
        alt="four"
        className="App-icon"
        navbtn="accounts"
        onClick={[Function]}
        src="teamwork.svg"
      />
      <img
        alt="five"
        className="App-icon"
        navbtn="community"
        onClick={[Function]}
        src="teamwork2.svg"
      />
    </header>
    <p />
  </div>
  <header
    className="App-header"
  >
    <img
      alt="logo"
      className="App-logo"
      src="logo.svg"
    />
    <p>
      Edit 
      <code>
        src/App.js
      </code>
       and save to reload.
    </p>
    <a
      className="App-link"
      href="https://reactjs.org"
      rel="noopener noreferrer"
      target="_blank"
    >
      Learn React
    </a>
  </header>
</div>
`;

exports[`Math App renders correctly 1`] = `
<div
  className="App"
>
  <div>
    <header>
      <img
        alt="one"
        className="App-icon"
        navbtn="default"
        onClick={[Function]}
        src="analytics.svg"
      />
      <img
        alt="two"
        className="App-icon"
        navbtn="math"
        onClick={[Function]}
        src="creative.svg"
      />
      <img
        alt="three"
        className="App-icon"
        navbtn="account"
        onClick={[Function]}
        src="leader.svg"
      />
      <img
        alt="four"
        className="App-icon"
        navbtn="accounts"
        onClick={[Function]}
        src="teamwork.svg"
      />
      <img
        alt="five"
        className="App-icon"
        navbtn="community"
        onClick={[Function]}
        src="teamwork2.svg"
      />
    </header>
    <p />
  </div>
  <header
    className="App-header"
  >
    <img
      alt="logo"
      className="App-logo"
      src="logo.svg"
    />
    <p>
      Edit 
      <code>
        src/App.js
      </code>
       and save to reload.
    </p>
    <a
      className="App-link"
      href="https://reactjs.org"
      rel="noopener noreferrer"
      target="_blank"
    >
      Learn React
    </a>
  </header>
</div>
`;

exports[`Starter App renders correctly 1`] = `
<div
  className="App"
>
  <div>
    <header>
      <img
        alt="one"
        className="App-icon"
        navbtn="default"
        onClick={[Function]}
        src="analytics.svg"
      />
      <img
        alt="two"
        className="App-icon"
        navbtn="math"
        onClick={[Function]}
        src="creative.svg"
      />
      <img
        alt="three"
        className="App-icon"
        navbtn="account"
        onClick={[Function]}
        src="leader.svg"
      />
      <img
        alt="four"
        className="App-icon"
        navbtn="accounts"
        onClick={[Function]}
        src="teamwork.svg"
      />
      <img
        alt="five"
        className="App-icon"
        navbtn="community"
        onClick={[Function]}
        src="teamwork2.svg"
      />
    </header>
    <p />
  </div>
  <header
    className="App-header"
  >
    <img
      alt="logo"
      className="App-logo"
      src="logo.svg"
    />
    <p>
      Edit 
      <code>
        src/App.js
      </code>
       and save to reload.
    </p>
    <a
      className="App-link"
      href="https://reactjs.org"
      rel="noopener noreferrer"
      target="_blank"
    >
      Learn React
    </a>
  </header>
</div>
`;
