// Jest Snapshot v1, https://goo.gl/fbAQLP

exports[`Account App renders correctly 1`] = `
<div
  className="App"
>
  <div>
    <header>
      <img
        alt="react"
        className="App-icon"
        navbtn="default"
        onClick={[Function]}
        src="react_FFFFFF.png"
      />
      <img
        alt="calculate"
        className="App-icon"
        navbtn="math"
        onClick={[Function]}
        src="calculate_FFFFFF.png"
      />
      <img
        alt="account"
        className="App-icon"
        navbtn="account"
        onClick={[Function]}
        src="account_FFFFFF.png"
      />
      <img
        alt="accounts"
        className="App-icon"
        navbtn="accounts"
        onClick={[Function]}
        src="accounts2_FFFFFF.png"
      />
      <img
        alt="city"
        className="App-icon"
        navbtn="community"
        onClick={[Function]}
        src="city_FFFFFF.png"
      />
      <img
        alt="linked list"
        className="App-icon"
        navbtn="linked"
        onClick={[Function]}
        src="link_FFFFFF.png"
      />
      <img
        alt="queue"
        className="App-icon"
        navbtn="queue"
        onClick={[Function]}
        src="queue_FFFFFF.png"
      />
    </header>
    <p />
  </div>
  <header
    className="App-header"
  >
    <img
      alt="logo"
      className="App-logo"
      src="logo.svg"
    />
    <p>
      Edit 
      <code>
        src/App.js
      </code>
       and save to reload.
    </p>
    <a
      className="App-link"
      href="https://reactjs.org"
      rel="noopener noreferrer"
      target="_blank"
    >
      Learn React
    </a>
  </header>
</div>
`;

exports[`Accounts App renders correctly 1`] = `
<div
  className="App"
>
  <div>
    <header>
      <img
        alt="react"
        className="App-icon"
        navbtn="default"
        onClick={[Function]}
        src="react_FFFFFF.png"
      />
      <img
        alt="calculate"
        className="App-icon"
        navbtn="math"
        onClick={[Function]}
        src="calculate_FFFFFF.png"
      />
      <img
        alt="account"
        className="App-icon"
        navbtn="account"
        onClick={[Function]}
        src="account_FFFFFF.png"
      />
      <img
        alt="accounts"
        className="App-icon"
        navbtn="accounts"
        onClick={[Function]}
        src="accounts2_FFFFFF.png"
      />
      <img
        alt="city"
        className="App-icon"
        navbtn="community"
        onClick={[Function]}
        src="city_FFFFFF.png"
      />
      <img
        alt="linked list"
        className="App-icon"
        navbtn="linked"
        onClick={[Function]}
        src="link_FFFFFF.png"
      />
      <img
        alt="queue"
        className="App-icon"
        navbtn="queue"
        onClick={[Function]}
        src="queue_FFFFFF.png"
      />
    </header>
    <p />
  </div>
  <header
    className="App-header"
  >
    <img
      alt="logo"
      className="App-logo"
      src="logo.svg"
    />
    <p>
      Edit 
      <code>
        src/App.js
      </code>
       and save to reload.
    </p>
    <a
      className="App-link"
      href="https://reactjs.org"
      rel="noopener noreferrer"
      target="_blank"
    >
      Learn React
    </a>
  </header>
</div>
`;

exports[`App renders correctly 1`] = `
<div
  className="App"
>
  <div>
    <header>
      <img
        alt="react"
        className="App-icon"
        navbtn="default"
        onClick={[Function]}
        src="react_FFFFFF.png"
      />
      <img
        alt="calculate"
        className="App-icon"
        navbtn="math"
        onClick={[Function]}
        src="calculate_FFFFFF.png"
      />
      <img
        alt="account"
        className="App-icon"
        navbtn="account"
        onClick={[Function]}
        src="account_FFFFFF.png"
      />
      <img
        alt="accounts"
        className="App-icon"
        navbtn="accounts"
        onClick={[Function]}
        src="accounts2_FFFFFF.png"
      />
      <img
        alt="city"
        className="App-icon"
        navbtn="community"
        onClick={[Function]}
        src="city_FFFFFF.png"
      />
      <img
        alt="linked list"
        className="App-icon"
        navbtn="linked"
        onClick={[Function]}
        src="link_FFFFFF.png"
      />
      <img
        alt="queue"
        className="App-icon"
        navbtn="queue"
        onClick={[Function]}
        src="queue_FFFFFF.png"
      />
    </header>
    <p />
  </div>
  <header
    className="App-header"
  >
    <img
      alt="logo"
      className="App-logo"
      src="logo.svg"
    />
    <p>
      Edit 
      <code>
        src/App.js
      </code>
       and save to reload.
    </p>
    <a
      className="App-link"
      href="https://reactjs.org"
      rel="noopener noreferrer"
      target="_blank"
    >
      Learn React
    </a>
  </header>
</div>
`;

exports[`Communities App renders correctly 1`] = `
<div
  className="App"
>
  <div>
    <header>
      <img
        alt="react"
        className="App-icon"
        navbtn="default"
        onClick={[Function]}
        src="react_FFFFFF.png"
      />
      <img
        alt="calculate"
        className="App-icon"
        navbtn="math"
        onClick={[Function]}
        src="calculate_FFFFFF.png"
      />
      <img
        alt="account"
        className="App-icon"
        navbtn="account"
        onClick={[Function]}
        src="account_FFFFFF.png"
      />
      <img
        alt="accounts"
        className="App-icon"
        navbtn="accounts"
        onClick={[Function]}
        src="accounts2_FFFFFF.png"
      />
      <img
        alt="city"
        className="App-icon"
        navbtn="community"
        onClick={[Function]}
        src="city_FFFFFF.png"
      />
      <img
        alt="linked list"
        className="App-icon"
        navbtn="linked"
        onClick={[Function]}
        src="link_FFFFFF.png"
      />
      <img
        alt="queue"
        className="App-icon"
        navbtn="queue"
        onClick={[Function]}
        src="queue_FFFFFF.png"
      />
    </header>
    <p />
  </div>
  <header
    className="App-header"
  >
    <img
      alt="logo"
      className="App-logo"
      src="logo.svg"
    />
    <p>
      Edit 
      <code>
        src/App.js
      </code>
       and save to reload.
    </p>
    <a
      className="App-link"
      href="https://reactjs.org"
      rel="noopener noreferrer"
      target="_blank"
    >
      Learn React
    </a>
  </header>
</div>
`;

exports[`Math App renders correctly 1`] = `
<div
  className="App"
>
  <div>
    <header>
      <img
        alt="react"
        className="App-icon"
        navbtn="default"
        onClick={[Function]}
        src="react_FFFFFF.png"
      />
      <img
        alt="calculate"
        className="App-icon"
        navbtn="math"
        onClick={[Function]}
        src="calculate_FFFFFF.png"
      />
      <img
        alt="account"
        className="App-icon"
        navbtn="account"
        onClick={[Function]}
        src="account_FFFFFF.png"
      />
      <img
        alt="accounts"
        className="App-icon"
        navbtn="accounts"
        onClick={[Function]}
        src="accounts2_FFFFFF.png"
      />
      <img
        alt="city"
        className="App-icon"
        navbtn="community"
        onClick={[Function]}
        src="city_FFFFFF.png"
      />
      <img
        alt="linked list"
        className="App-icon"
        navbtn="linked"
        onClick={[Function]}
        src="link_FFFFFF.png"
      />
      <img
        alt="queue"
        className="App-icon"
        navbtn="queue"
        onClick={[Function]}
        src="queue_FFFFFF.png"
      />
    </header>
    <p />
  </div>
  <header
    className="App-header"
  >
    <img
      alt="logo"
      className="App-logo"
      src="logo.svg"
    />
    <p>
      Edit 
      <code>
        src/App.js
      </code>
       and save to reload.
    </p>
    <a
      className="App-link"
      href="https://reactjs.org"
      rel="noopener noreferrer"
      target="_blank"
    >
      Learn React
    </a>
  </header>
</div>
`;

exports[`Starter App renders correctly 1`] = `
<div
  className="App"
>
  <div>
    <header>
      <img
        alt="react"
        className="App-icon"
        navbtn="default"
        onClick={[Function]}
        src="react_FFFFFF.png"
      />
      <img
        alt="calculate"
        className="App-icon"
        navbtn="math"
        onClick={[Function]}
        src="calculate_FFFFFF.png"
      />
      <img
        alt="account"
        className="App-icon"
        navbtn="account"
        onClick={[Function]}
        src="account_FFFFFF.png"
      />
      <img
        alt="accounts"
        className="App-icon"
        navbtn="accounts"
        onClick={[Function]}
        src="accounts2_FFFFFF.png"
      />
      <img
        alt="city"
        className="App-icon"
        navbtn="community"
        onClick={[Function]}
        src="city_FFFFFF.png"
      />
      <img
        alt="linked list"
        className="App-icon"
        navbtn="linked"
        onClick={[Function]}
        src="link_FFFFFF.png"
      />
      <img
        alt="queue"
        className="App-icon"
        navbtn="queue"
        onClick={[Function]}
        src="queue_FFFFFF.png"
      />
    </header>
    <p />
  </div>
  <header
    className="App-header"
  >
    <img
      alt="logo"
      className="App-logo"
      src="logo.svg"
    />
    <p>
      Edit 
      <code>
        src/App.js
      </code>
       and save to reload.
    </p>
    <a
      className="App-link"
      href="https://reactjs.org"
      rel="noopener noreferrer"
      target="_blank"
    >
      Learn React
    </a>
  </header>
</div>
`;
