// Jest Snapshot v1, https://goo.gl/fbAQLP

exports[`CityActions renders correctly 1`] = `
<div>
  <div
    className="ItemBox AppHeader"
  >
    <span
      className="AddItem"
    >
      Calgary
    </span>
    <span
      className="AddItem"
    >
      1000000
    </span>
    <span
      className="AddItem"
    >
      100 N
    </span>
    <span
      className="AddItem"
    >
      100 W
    </span>
    <button
      className="AppBtn"
      onClick={[Function]}
    >
      <img
        alt="Close"
        className="btnImg"
        src="close_FFFFFF.png"
      />
    </button>
  </div>
  <div
    className="ItemBox"
    onClick={[Function]}
  >
    <span
      className="DetailText"
    >
      For: 
    </span>
    <span
      className="DetailText"
    >
      Calgary
    </span>
    <br />
    <br />
    <span
      className="DetailText"
    >
      Number:
    </span>
    <input
      className="InputText"
      id="amount"
      placeholder="number of people"
      type="number"
    />
    <br />
    <br />
    <button
      className="btnText"
      elem="movein"
    >
      Moved In
    </button>
    <button
      className="btnText"
      elem="moveout"
    >
      Moved Out
    </button>
  </div>
</div>
`;
