// Jest Snapshot v1, https://goo.gl/fbAQLP

exports[`CommunitySummary renders correctly 1`] = `
<div
  className="SummaryText"
>
  <h2>
    Community Summary
  </h2>
  <span>
    Most Northern: 
  </span>
  <span>
    
  </span>
  <br />
  <span>
    Most Southern: 
  </span>
  <span>
    
  </span>
  <br />
  <span>
    Total Population:
  </span>
  <span>
    0
  </span>
  <br />
  <br />
</div>
`;
