// Jest Snapshot v1, https://goo.gl/fbAQLP

exports[`Starter renders correctly 1`] = `
<div>
  <div
    className="ItemBox AppHeader"
  >
    <span
      className="AddItem"
    >
      Delete Account
    </span>
    <button
      className="AppBtn"
      onClick={[Function]}
    >
      <img
        alt="Close"
        className="btnImg"
        src="close_FFFFFF.png"
      />
    </button>
  </div>
  <div
    className="ItemBox"
  >
    <span
      className="DetailText"
    >
      Subject:
    </span>
    <span
      className="DetailText"
    >
      Kitten
    </span>
    <br />
    <span
      className="DetailText"
    >
      Amount: 
    </span>
    <span
      className="DetailText"
    >
      100
    </span>
    <br />
    <button
      className="btnText"
      onClick={[Function]}
    >
      Delete
    </button>
  </div>
</div>
`;
